
utiliser clean_collections pour nettoyer en fonction de Full, PU, Fast

mettre les langues sous forme de fichier txt.
verifier que les fichiers sont bien chargés.
pour pmx et miniAOD, on fait comme dans le FastSim Oval, on ne tient pas compte de la référence.
faire un bouton pmx ? et sortir les pmx des PU classiques.

pour les valeurs self.my_choice_rel_1 et self.my_choice_ref_1 tester si un choix est fait avant de faire la commande :
self.my_choice_rel(f)_1 = self.QLW1_rel(f)2.currentItem().text()
verifier si les listes temp = sub_releases(list_search_1(self.my_choice_rel(f)_0)) sont vides ou pas.

possibiliter d'editeur pour changer le global tag dans les fichiers _cfg dans /Tests
choix des datatsets par radio bouton
possibilité d'ajouter un dataset dans les classiques
idem pour les calculs

Get Choice :
DataSets Type
    Classical : classical electron validation DataSets
    Others    : other datatset to work with
    All       : ???

RESUME :
self.choix_calcul = 'Full'   # default
self.choix_job = '8nh'       # default
self.choix_etape = 'analyze' # default

radio01-4 : analyze, finalize, store, publish
radio11-3 : FULL, PU, FAST
radio21-2 : store, force
check31-6 : Pt10Startup_UP15, Pt35Startup_UP15, Pt1000Startup_UP15, QcdPt80Pt120Startup_13, TTbarStartup_13, ZEEStartup_13
check37-8 : TTbarStartup_13, ZEEStartup_13

self.rel_list : liste les fichiers DQM_V001_**.root pour les différents datasets cochés (check3*) pour la release a valider
self.ref_list : liste les fichiers DQM_V001_**.root pour les différents datasets cochés (check3*) pour la release de reference

self.rel_list_mod : liste les releases, globaltags et datasets a partir des datasets cochés (check3*) pour la release a valider
self.ref_list_mod : liste les releases, globaltags et datasets a partir des datasets cochés (check3*) pour la release de reference

self.releasesList_0 = [] : list_search_0(self) # liste des pre-releases in https://cmsweb.cern.ch/dqm/relval/data/browse/ROOT/ ( ['CMSSW_8_0_x/', ..., 'CMSSW_3_11_x/'])
self.my_choice_rel_0 = '' : une des valeurs au dessus choisie pour la release de travail
self.my_choice_ref_0 = '' : une des valeurs au dessus choisie pour la release de reference
self.rel_list_0 = [] : liste des sous releases à partir de self.my_choice_rel_0 (CMSSW_8_0_0_pre1, ...)
self.ref_list_0 = [] : liste des sous releases à partir de self.my_choice_ref_0
self.profondeur_rel = 0 : indique la profondeur de recherche : (0:liset_search_0, 1:self.my_choice_rel_0,self.rel_list_0, 2:sous_release choisie)
self.profondeur_ref = 0 : indique la profondeur de recherche : (0:liset_search_0, 1:self.my_choice_ref_0,self.ref_list_0, 2:sous_release choisie)
self.my_choice_rel_1 = '' : valeur choisie pour la release de travail
self.my_choice_ref_1 = '' : valeur choisie pour la release de reference
self.rel_list_1 = [] : liste des datasets à partir de self.my_choice_rel_1 (CMSSW_8_0_0_pre1, ...)
self.ref_list_1 = [] : liste des datasets à partir de self.my_choice_ref_1

get choice removed
parti pris de vider les precedents choix en cas de aller/revenir sur reference/release